------------------------------------------------------------
TimeQuest Timing Analyzer Summary
------------------------------------------------------------

Type  : Slow 1200mV 85C Model Setup 'CLOCK'
Slack : -10.741
TNS   : -4640.329

Type  : Slow 1200mV 85C Model Setup 'CONTROL:CONTROL_u0|MICROCODE_STORE:MICROCODE_STORE_u0|OUT_Register[14]'
Slack : -2.629
TNS   : -2.629

Type  : Slow 1200mV 85C Model Hold 'CONTROL:CONTROL_u0|MICROCODE_STORE:MICROCODE_STORE_u0|OUT_Register[14]'
Slack : 0.274
TNS   : 0.000

Type  : Slow 1200mV 85C Model Hold 'CLOCK'
Slack : 0.825
TNS   : 0.000

Type  : Slow 1200mV 85C Model Minimum Pulse Width 'CLOCK'
Slack : -3.000
TNS   : -494.000

Type  : Slow 1200mV 85C Model Minimum Pulse Width 'CONTROL:CONTROL_u0|MICROCODE_STORE:MICROCODE_STORE_u0|OUT_Register[14]'
Slack : 0.425
TNS   : 0.000

Type  : Slow 1200mV 0C Model Setup 'CLOCK'
Slack : -9.528
TNS   : -4117.622

Type  : Slow 1200mV 0C Model Setup 'CONTROL:CONTROL_u0|MICROCODE_STORE:MICROCODE_STORE_u0|OUT_Register[14]'
Slack : -2.344
TNS   : -2.344

Type  : Slow 1200mV 0C Model Hold 'CONTROL:CONTROL_u0|MICROCODE_STORE:MICROCODE_STORE_u0|OUT_Register[14]'
Slack : 0.235
TNS   : 0.000

Type  : Slow 1200mV 0C Model Hold 'CLOCK'
Slack : 0.738
TNS   : 0.000

Type  : Slow 1200mV 0C Model Minimum Pulse Width 'CLOCK'
Slack : -3.000
TNS   : -494.000

Type  : Slow 1200mV 0C Model Minimum Pulse Width 'CONTROL:CONTROL_u0|MICROCODE_STORE:MICROCODE_STORE_u0|OUT_Register[14]'
Slack : 0.458
TNS   : 0.000

Type  : Fast 1200mV 0C Model Setup 'CLOCK'
Slack : -5.957
TNS   : -2483.399

Type  : Fast 1200mV 0C Model Setup 'CONTROL:CONTROL_u0|MICROCODE_STORE:MICROCODE_STORE_u0|OUT_Register[14]'
Slack : -1.240
TNS   : -1.240

Type  : Fast 1200mV 0C Model Hold 'CONTROL:CONTROL_u0|MICROCODE_STORE:MICROCODE_STORE_u0|OUT_Register[14]'
Slack : 0.151
TNS   : 0.000

Type  : Fast 1200mV 0C Model Hold 'CLOCK'
Slack : 0.436
TNS   : 0.000

Type  : Fast 1200mV 0C Model Minimum Pulse Width 'CLOCK'
Slack : -3.000
TNS   : -529.834

Type  : Fast 1200mV 0C Model Minimum Pulse Width 'CONTROL:CONTROL_u0|MICROCODE_STORE:MICROCODE_STORE_u0|OUT_Register[14]'
Slack : 0.410
TNS   : 0.000

------------------------------------------------------------
